
  .   ____          _            __ _ _
 /\\ / ___'_ __ _ _(_)_ __  __ _ \ \ \ \
( ( )\___ | '_ | '_| | '_ \/ _` | \ \ \ \
 \\/  ___)| |_)| | | | | || (_| |  ) ) ) )
  '  |____| .__|_| |_|_| |_\__, | / / / /
 =========|_|==============|___/=/_/_/_/

 :: Spring Boot ::                (v4.0.3)

2026-03-23T13:17:51.534+05:30  INFO 12116 --- [Config-Server] [           main] l.i.e.c.ConfigServerApplication          : Starting ConfigServerApplication v1.0.0 using Java 23.0.1 with PID 12116 (G:\eca\platform\config-server\target\Config-Server-1.0.0.jar started by ZeejMaleesha in G:\eca\platform)
2026-03-23T13:17:51.542+05:30  INFO 12116 --- [Config-Server] [           main] l.i.e.c.ConfigServerApplication          : No active profile set, falling back to 1 default profile: "default"
2026-03-23T13:17:53.513+05:30  INFO 12116 --- [Config-Server] [           main] o.s.cloud.context.scope.GenericScope     : BeanFactory id=8bf03f67-6995-3149-85d2-1a09633eb1fe
2026-03-23T13:17:54.633+05:30  INFO 12116 --- [Config-Server] [           main] o.s.boot.tomcat.TomcatWebServer          : Tomcat initialized with port 9000 (http)
2026-03-23T13:17:54.664+05:30  INFO 12116 --- [Config-Server] [           main] o.apache.catalina.core.StandardService   : Starting service [Tomcat]
2026-03-23T13:17:54.664+05:30  INFO 12116 --- [Config-Server] [           main] o.apache.catalina.core.StandardEngine    : Starting Servlet engine: [Apache Tomcat/11.0.18]
2026-03-23T13:17:54.742+05:30  INFO 12116 --- [Config-Server] [           main] b.w.c.s.WebApplicationContextInitializer : Root WebApplicationContext: initialization completed in 3084 ms
2026-03-23T13:17:57.228+05:30  INFO 12116 --- [Config-Server] [           main] o.s.b.a.e.web.EndpointLinksResolver      : Exposing 1 endpoint beneath base path '/actuator'
2026-03-23T13:17:57.422+05:30  INFO 12116 --- [Config-Server] [           main] o.s.boot.tomcat.TomcatWebServer          : Tomcat started on port 9000 (http) with context path '/'
2026-03-23T13:17:57.457+05:30  INFO 12116 --- [Config-Server] [           main] l.i.e.c.ConfigServerApplication          : Started ConfigServerApplication in 6.792 seconds (process running for 7.968)

  .   ____          _            __ _ _
 /\\ / ___'_ __ _ _(_)_ __  __ _ \ \ \ \
( ( )\___ | '_ | '_| | '_ \/ _` | \ \ \ \
 \\/  ___)| |_)| | | | | || (_| |  ) ) ) )
  '  |____| .__|_| |_|_| |_\__, | / / / /
 =========|_|==============|___/=/_/_/_/

 :: Spring Boot ::                (v4.0.3)

2026-03-23T13:21:22.034+05:30  INFO 14604 --- [Config-Server] [           main] l.i.e.c.ConfigServerApplication          : Starting ConfigServerApplication v1.0.0 using Java 23.0.1 with PID 14604 (G:\eca\platform\config-server\target\Config-Server-1.0.0.jar started by ZeejMaleesha in G:\eca\platform)
2026-03-23T13:21:22.039+05:30  INFO 14604 --- [Config-Server] [           main] l.i.e.c.ConfigServerApplication          : No active profile set, falling back to 1 default profile: "default"
2026-03-23T13:21:23.465+05:30  INFO 14604 --- [Config-Server] [           main] o.s.cloud.context.scope.GenericScope     : BeanFactory id=8bf03f67-6995-3149-85d2-1a09633eb1fe
2026-03-23T13:21:23.820+05:30  INFO 14604 --- [Config-Server] [           main] o.s.boot.tomcat.TomcatWebServer          : Tomcat initialized with port 9000 (http)
2026-03-23T13:21:23.837+05:30  INFO 14604 --- [Config-Server] [           main] o.apache.catalina.core.StandardService   : Starting service [Tomcat]
2026-03-23T13:21:23.837+05:30  INFO 14604 --- [Config-Server] [           main] o.apache.catalina.core.StandardEngine    : Starting Servlet engine: [Apache Tomcat/11.0.18]
2026-03-23T13:21:23.867+05:30  INFO 14604 --- [Config-Server] [           main] b.w.c.s.WebApplicationContextInitializer : Root WebApplicationContext: initialization completed in 1728 ms
2026-03-23T13:21:25.050+05:30  INFO 14604 --- [Config-Server] [           main] o.s.b.a.e.web.EndpointLinksResolver      : Exposing 1 endpoint beneath base path '/actuator'
2026-03-23T13:21:25.137+05:30  INFO 14604 --- [Config-Server] [           main] o.s.boot.tomcat.TomcatWebServer          : Tomcat started on port 9000 (http) with context path '/'
2026-03-23T13:21:25.150+05:30  INFO 14604 --- [Config-Server] [           main] l.i.e.c.ConfigServerApplication          : Started ConfigServerApplication in 3.972 seconds (process running for 5.041)

  .   ____          _            __ _ _
 /\\ / ___'_ __ _ _(_)_ __  __ _ \ \ \ \
( ( )\___ | '_ | '_| | '_ \/ _` | \ \ \ \
 \\/  ___)| |_)| | | | | || (_| |  ) ) ) )
  '  |____| .__|_| |_|_| |_\__, | / / / /
 =========|_|==============|___/=/_/_/_/

 :: Spring Boot ::                (v4.0.3)

2026-03-23T13:41:20.047+05:30  INFO 8664 --- [Config-Server] [           main] l.i.e.c.ConfigServerApplication          : Starting ConfigServerApplication v1.0.0 using Java 23.0.1 with PID 8664 (G:\eca\platform\config-server\target\Config-Server-1.0.0.jar started by ZeejMaleesha in G:\eca\platform)
2026-03-23T13:41:20.062+05:30  INFO 8664 --- [Config-Server] [           main] l.i.e.c.ConfigServerApplication          : No active profile set, falling back to 1 default profile: "default"
2026-03-23T13:41:21.592+05:30  INFO 8664 --- [Config-Server] [           main] o.s.cloud.context.scope.GenericScope     : BeanFactory id=8bf03f67-6995-3149-85d2-1a09633eb1fe
2026-03-23T13:41:21.994+05:30  INFO 8664 --- [Config-Server] [           main] o.s.boot.tomcat.TomcatWebServer          : Tomcat initialized with port 9000 (http)
2026-03-23T13:41:22.012+05:30  INFO 8664 --- [Config-Server] [           main] o.apache.catalina.core.StandardService   : Starting service [Tomcat]
2026-03-23T13:41:22.012+05:30  INFO 8664 --- [Config-Server] [           main] o.apache.catalina.core.StandardEngine    : Starting Servlet engine: [Apache Tomcat/11.0.18]
2026-03-23T13:41:22.038+05:30  INFO 8664 --- [Config-Server] [           main] b.w.c.s.WebApplicationContextInitializer : Root WebApplicationContext: initialization completed in 1872 ms
2026-03-23T13:41:23.221+05:30  INFO 8664 --- [Config-Server] [           main] o.s.b.a.e.web.EndpointLinksResolver      : Exposing 1 endpoint beneath base path '/actuator'
2026-03-23T13:41:23.306+05:30  INFO 8664 --- [Config-Server] [           main] o.s.boot.tomcat.TomcatWebServer          : Tomcat started on port 9000 (http) with context path '/'
2026-03-23T13:41:23.324+05:30  INFO 8664 --- [Config-Server] [           main] l.i.e.c.ConfigServerApplication          : Started ConfigServerApplication in 4.164 seconds (process running for 5.292)

  .   ____          _            __ _ _
 /\\ / ___'_ __ _ _(_)_ __  __ _ \ \ \ \
( ( )\___ | '_ | '_| | '_ \/ _` | \ \ \ \
 \\/  ___)| |_)| | | | | || (_| |  ) ) ) )
  '  |____| .__|_| |_|_| |_\__, | / / / /
 =========|_|==============|___/=/_/_/_/

 :: Spring Boot ::                (v4.0.3)

2026-03-23T13:44:05.299+05:30  INFO 4312 --- [Config-Server] [           main] l.i.e.c.ConfigServerApplication          : Starting ConfigServerApplication v1.0.0 using Java 23.0.1 with PID 4312 (G:\eca\platform\config-server\target\Config-Server-1.0.0.jar started by ZeejMaleesha in G:\eca\platform)
2026-03-23T13:44:05.305+05:30  INFO 4312 --- [Config-Server] [           main] l.i.e.c.ConfigServerApplication          : No active profile set, falling back to 1 default profile: "default"
2026-03-23T13:44:06.395+05:30  INFO 4312 --- [Config-Server] [           main] o.s.cloud.context.scope.GenericScope     : BeanFactory id=8bf03f67-6995-3149-85d2-1a09633eb1fe
2026-03-23T13:44:06.738+05:30  INFO 4312 --- [Config-Server] [           main] o.s.boot.tomcat.TomcatWebServer          : Tomcat initialized with port 9000 (http)
2026-03-23T13:44:06.751+05:30  INFO 4312 --- [Config-Server] [           main] o.apache.catalina.core.StandardService   : Starting service [Tomcat]
2026-03-23T13:44:06.751+05:30  INFO 4312 --- [Config-Server] [           main] o.apache.catalina.core.StandardEngine    : Starting Servlet engine: [Apache Tomcat/11.0.18]
2026-03-23T13:44:06.777+05:30  INFO 4312 --- [Config-Server] [           main] b.w.c.s.WebApplicationContextInitializer : Root WebApplicationContext: initialization completed in 1374 ms
2026-03-23T13:44:07.914+05:30  INFO 4312 --- [Config-Server] [           main] o.s.b.a.e.web.EndpointLinksResolver      : Exposing 1 endpoint beneath base path '/actuator'
2026-03-23T13:44:07.992+05:30  INFO 4312 --- [Config-Server] [           main] o.s.boot.tomcat.TomcatWebServer          : Tomcat started on port 9000 (http) with context path '/'
2026-03-23T13:44:08.007+05:30  INFO 4312 --- [Config-Server] [           main] l.i.e.c.ConfigServerApplication          : Started ConfigServerApplication in 3.644 seconds (process running for 4.669)

  .   ____          _            __ _ _
 /\\ / ___'_ __ _ _(_)_ __  __ _ \ \ \ \
( ( )\___ | '_ | '_| | '_ \/ _` | \ \ \ \
 \\/  ___)| |_)| | | | | || (_| |  ) ) ) )
  '  |____| .__|_| |_|_| |_\__, | / / / /
 =========|_|==============|___/=/_/_/_/

 :: Spring Boot ::                (v4.0.3)

2026-03-23T13:48:05.168+05:30  INFO 15356 --- [Config-Server] [           main] l.i.e.c.ConfigServerApplication          : Starting ConfigServerApplication v1.0.0 using Java 23.0.1 with PID 15356 (G:\eca\platform\config-server\target\Config-Server-1.0.0.jar started by ZeejMaleesha in G:\eca\platform)
2026-03-23T13:48:05.172+05:30  INFO 15356 --- [Config-Server] [           main] l.i.e.c.ConfigServerApplication          : No active profile set, falling back to 1 default profile: "default"
2026-03-23T13:48:06.213+05:30  INFO 15356 --- [Config-Server] [           main] o.s.cloud.context.scope.GenericScope     : BeanFactory id=8bf03f67-6995-3149-85d2-1a09633eb1fe
2026-03-23T13:48:06.492+05:30  INFO 15356 --- [Config-Server] [           main] o.s.boot.tomcat.TomcatWebServer          : Tomcat initialized with port 9000 (http)
2026-03-23T13:48:06.504+05:30  INFO 15356 --- [Config-Server] [           main] o.apache.catalina.core.StandardService   : Starting service [Tomcat]
2026-03-23T13:48:06.504+05:30  INFO 15356 --- [Config-Server] [           main] o.apache.catalina.core.StandardEngine    : Starting Servlet engine: [Apache Tomcat/11.0.18]
2026-03-23T13:48:06.529+05:30  INFO 15356 --- [Config-Server] [           main] b.w.c.s.WebApplicationContextInitializer : Root WebApplicationContext: initialization completed in 1263 ms
2026-03-23T13:48:07.707+05:30  INFO 15356 --- [Config-Server] [           main] o.s.b.a.e.web.EndpointLinksResolver      : Exposing 1 endpoint beneath base path '/actuator'
2026-03-23T13:48:07.784+05:30  INFO 15356 --- [Config-Server] [           main] o.s.boot.tomcat.TomcatWebServer          : Tomcat started on port 9000 (http) with context path '/'
2026-03-23T13:48:07.797+05:30  INFO 15356 --- [Config-Server] [           main] l.i.e.c.ConfigServerApplication          : Started ConfigServerApplication in 3.397 seconds (process running for 4.392)
2026-03-23T13:48:27.082+05:30  INFO 15356 --- [Config-Server] [nio-9000-exec-1] o.a.c.c.C.[Tomcat].[localhost].[/]       : Initializing Spring DispatcherServlet 'dispatcherServlet'
2026-03-23T13:48:27.082+05:30  INFO 15356 --- [Config-Server] [nio-9000-exec-1] o.s.web.servlet.DispatcherServlet        : Initializing Servlet 'dispatcherServlet'
2026-03-23T13:48:27.082+05:30  INFO 15356 --- [Config-Server] [nio-9000-exec-1] o.s.web.servlet.DispatcherServlet        : Completed initialization in 0 ms
2026-03-23T13:48:34.655+05:30  INFO 15356 --- [Config-Server] [nio-9000-exec-1] o.s.c.c.s.e.NativeEnvironmentRepository  : Adding property source: Config resource 'file [C:\Users\ZEEJMA~1\AppData\Local\Temp\config-repo-12827310074165096557\platform\api-gateway.yaml]' via location 'file:/C:/Users/ZEEJMA~1/AppData/Local/Temp/config-repo-12827310074165096557/platform/'
2026-03-23T13:48:34.655+05:30  INFO 15356 --- [Config-Server] [nio-9000-exec-1] o.s.c.c.s.e.NativeEnvironmentRepository  : Adding property source: Config resource 'file [C:\Users\ZEEJMA~1\AppData\Local\Temp\config-repo-12827310074165096557\application.yaml]' via location 'file:/C:/Users/ZEEJMA~1/AppData/Local/Temp/config-repo-12827310074165096557/'

  .   ____          _            __ _ _
 /\\ / ___'_ __ _ _(_)_ __  __ _ \ \ \ \
( ( )\___ | '_ | '_| | '_ \/ _` | \ \ \ \
 \\/  ___)| |_)| | | | | || (_| |  ) ) ) )
  '  |____| .__|_| |_|_| |_\__, | / / / /
 =========|_|==============|___/=/_/_/_/

 :: Spring Boot ::                (v4.0.3)

2026-03-23T13:55:14.434+05:30  INFO 17224 --- [Config-Server] [           main] l.i.e.c.ConfigServerApplication          : Starting ConfigServerApplication v1.0.0 using Java 23.0.1 with PID 17224 (G:\eca\platform\config-server\target\Config-Server-1.0.0.jar started by ZeejMaleesha in G:\eca\platform)
2026-03-23T13:55:14.438+05:30  INFO 17224 --- [Config-Server] [           main] l.i.e.c.ConfigServerApplication          : No active profile set, falling back to 1 default profile: "default"
2026-03-23T13:55:16.215+05:30  INFO 17224 --- [Config-Server] [           main] o.s.cloud.context.scope.GenericScope     : BeanFactory id=8bf03f67-6995-3149-85d2-1a09633eb1fe
2026-03-23T13:55:16.695+05:30  INFO 17224 --- [Config-Server] [           main] o.s.boot.tomcat.TomcatWebServer          : Tomcat initialized with port 9000 (http)
2026-03-23T13:55:16.710+05:30  INFO 17224 --- [Config-Server] [           main] o.apache.catalina.core.StandardService   : Starting service [Tomcat]
2026-03-23T13:55:16.711+05:30  INFO 17224 --- [Config-Server] [           main] o.apache.catalina.core.StandardEngine    : Starting Servlet engine: [Apache Tomcat/11.0.18]
2026-03-23T13:55:16.742+05:30  INFO 17224 --- [Config-Server] [           main] b.w.c.s.WebApplicationContextInitializer : Root WebApplicationContext: initialization completed in 2196 ms
2026-03-23T13:55:18.617+05:30  INFO 17224 --- [Config-Server] [           main] o.s.b.a.e.web.EndpointLinksResolver      : Exposing 1 endpoint beneath base path '/actuator'
2026-03-23T13:55:18.731+05:30  INFO 17224 --- [Config-Server] [           main] o.s.boot.tomcat.TomcatWebServer          : Tomcat started on port 9000 (http) with context path '/'
2026-03-23T13:55:18.757+05:30  INFO 17224 --- [Config-Server] [           main] l.i.e.c.ConfigServerApplication          : Started ConfigServerApplication in 5.192 seconds (process running for 6.198)

  .   ____          _            __ _ _
 /\\ / ___'_ __ _ _(_)_ __  __ _ \ \ \ \
( ( )\___ | '_ | '_| | '_ \/ _` | \ \ \ \
 \\/  ___)| |_)| | | | | || (_| |  ) ) ) )
  '  |____| .__|_| |_|_| |_\__, | / / / /
 =========|_|==============|___/=/_/_/_/

 :: Spring Boot ::                (v4.0.3)

2026-03-23T14:27:57.780+05:30  INFO 7968 --- [Config-Server] [           main] l.i.e.c.ConfigServerApplication          : Starting ConfigServerApplication v1.0.0 using Java 23.0.1 with PID 7968 (G:\eca\platform\config-server\target\Config-Server-1.0.0.jar started by ZeejMaleesha in G:\eca\platform)
2026-03-23T14:27:57.784+05:30  INFO 7968 --- [Config-Server] [           main] l.i.e.c.ConfigServerApplication          : No active profile set, falling back to 1 default profile: "default"
2026-03-23T14:27:59.681+05:30  INFO 7968 --- [Config-Server] [           main] o.s.cloud.context.scope.GenericScope     : BeanFactory id=8bf03f67-6995-3149-85d2-1a09633eb1fe
2026-03-23T14:28:00.227+05:30  INFO 7968 --- [Config-Server] [           main] o.s.boot.tomcat.TomcatWebServer          : Tomcat initialized with port 9000 (http)
2026-03-23T14:28:00.247+05:30  INFO 7968 --- [Config-Server] [           main] o.apache.catalina.core.StandardService   : Starting service [Tomcat]
2026-03-23T14:28:00.247+05:30  INFO 7968 --- [Config-Server] [           main] o.apache.catalina.core.StandardEngine    : Starting Servlet engine: [Apache Tomcat/11.0.18]
2026-03-23T14:28:00.296+05:30  INFO 7968 --- [Config-Server] [           main] b.w.c.s.WebApplicationContextInitializer : Root WebApplicationContext: initialization completed in 2409 ms
2026-03-23T14:28:02.391+05:30  INFO 7968 --- [Config-Server] [           main] o.s.b.a.e.web.EndpointLinksResolver      : Exposing 1 endpoint beneath base path '/actuator'
2026-03-23T14:28:02.528+05:30  INFO 7968 --- [Config-Server] [           main] o.s.boot.tomcat.TomcatWebServer          : Tomcat started on port 9000 (http) with context path '/'
2026-03-23T14:28:02.553+05:30  INFO 7968 --- [Config-Server] [           main] l.i.e.c.ConfigServerApplication          : Started ConfigServerApplication in 5.582 seconds (process running for 6.757)

  .   ____          _            __ _ _
 /\\ / ___'_ __ _ _(_)_ __  __ _ \ \ \ \
( ( )\___ | '_ | '_| | '_ \/ _` | \ \ \ \
 \\/  ___)| |_)| | | | | || (_| |  ) ) ) )
  '  |____| .__|_| |_|_| |_\__, | / / / /
 =========|_|==============|___/=/_/_/_/

 :: Spring Boot ::                (v4.0.3)

2026-03-23T14:29:41.126+05:30  INFO 21464 --- [Config-Server] [           main] l.i.e.c.ConfigServerApplication          : Starting ConfigServerApplication v1.0.0 using Java 23.0.1 with PID 21464 (G:\eca\platform\config-server\target\Config-Server-1.0.0.jar started by ZeejMaleesha in G:\eca\platform)
2026-03-23T14:29:41.129+05:30  INFO 21464 --- [Config-Server] [           main] l.i.e.c.ConfigServerApplication          : No active profile set, falling back to 1 default profile: "default"
2026-03-23T14:29:43.009+05:30  INFO 21464 --- [Config-Server] [           main] o.s.cloud.context.scope.GenericScope     : BeanFactory id=8bf03f67-6995-3149-85d2-1a09633eb1fe
2026-03-23T14:29:43.571+05:30  INFO 21464 --- [Config-Server] [           main] o.s.boot.tomcat.TomcatWebServer          : Tomcat initialized with port 9000 (http)
2026-03-23T14:29:43.599+05:30  INFO 21464 --- [Config-Server] [           main] o.apache.catalina.core.StandardService   : Starting service [Tomcat]
2026-03-23T14:29:43.599+05:30  INFO 21464 --- [Config-Server] [           main] o.apache.catalina.core.StandardEngine    : Starting Servlet engine: [Apache Tomcat/11.0.18]
2026-03-23T14:29:43.650+05:30  INFO 21464 --- [Config-Server] [           main] b.w.c.s.WebApplicationContextInitializer : Root WebApplicationContext: initialization completed in 2403 ms
2026-03-23T14:29:45.843+05:30  INFO 21464 --- [Config-Server] [           main] o.s.b.a.e.web.EndpointLinksResolver      : Exposing 1 endpoint beneath base path '/actuator'
2026-03-23T14:29:45.985+05:30  INFO 21464 --- [Config-Server] [           main] o.s.boot.tomcat.TomcatWebServer          : Tomcat started on port 9000 (http) with context path '/'
2026-03-23T14:29:46.011+05:30  INFO 21464 --- [Config-Server] [           main] l.i.e.c.ConfigServerApplication          : Started ConfigServerApplication in 5.886 seconds (process running for 6.976)

  .   ____          _            __ _ _
 /\\ / ___'_ __ _ _(_)_ __  __ _ \ \ \ \
( ( )\___ | '_ | '_| | '_ \/ _` | \ \ \ \
 \\/  ___)| |_)| | | | | || (_| |  ) ) ) )
  '  |____| .__|_| |_|_| |_\__, | / / / /
 =========|_|==============|___/=/_/_/_/

 :: Spring Boot ::                (v4.0.3)

2026-03-23T14:30:02.054+05:30  INFO 18608 --- [Config-Server] [           main] l.i.e.c.ConfigServerApplication          : Starting ConfigServerApplication v1.0.0 using Java 23.0.1 with PID 18608 (G:\eca\platform\config-server\target\Config-Server-1.0.0.jar started by ZeejMaleesha in G:\eca\platform)
2026-03-23T14:30:02.059+05:30  INFO 18608 --- [Config-Server] [           main] l.i.e.c.ConfigServerApplication          : No active profile set, falling back to 1 default profile: "default"
2026-03-23T14:30:03.926+05:30  INFO 18608 --- [Config-Server] [           main] o.s.cloud.context.scope.GenericScope     : BeanFactory id=8bf03f67-6995-3149-85d2-1a09633eb1fe
2026-03-23T14:30:04.498+05:30  INFO 18608 --- [Config-Server] [           main] o.s.boot.tomcat.TomcatWebServer          : Tomcat initialized with port 9000 (http)
2026-03-23T14:30:04.524+05:30  INFO 18608 --- [Config-Server] [           main] o.apache.catalina.core.StandardService   : Starting service [Tomcat]
2026-03-23T14:30:04.525+05:30  INFO 18608 --- [Config-Server] [           main] o.apache.catalina.core.StandardEngine    : Starting Servlet engine: [Apache Tomcat/11.0.18]
2026-03-23T14:30:04.573+05:30  INFO 18608 --- [Config-Server] [           main] b.w.c.s.WebApplicationContextInitializer : Root WebApplicationContext: initialization completed in 2390 ms
2026-03-23T14:30:06.746+05:30  INFO 18608 --- [Config-Server] [           main] o.s.b.a.e.web.EndpointLinksResolver      : Exposing 1 endpoint beneath base path '/actuator'
2026-03-23T14:30:06.904+05:30  INFO 18608 --- [Config-Server] [           main] o.s.boot.tomcat.TomcatWebServer          : Tomcat started on port 9000 (http) with context path '/'
2026-03-23T14:30:06.935+05:30  INFO 18608 --- [Config-Server] [           main] l.i.e.c.ConfigServerApplication          : Started ConfigServerApplication in 5.79 seconds (process running for 6.973)

  .   ____          _            __ _ _
 /\\ / ___'_ __ _ _(_)_ __  __ _ \ \ \ \
( ( )\___ | '_ | '_| | '_ \/ _` | \ \ \ \
 \\/  ___)| |_)| | | | | || (_| |  ) ) ) )
  '  |____| .__|_| |_|_| |_\__, | / / / /
 =========|_|==============|___/=/_/_/_/

 :: Spring Boot ::                (v4.0.3)

2026-03-23T21:31:10.370+05:30  INFO 8 --- [Config-Server] [           main] l.i.e.c.ConfigServerApplication          : Starting ConfigServerApplication v1.0.0 using Java 23.0.1 with PID 8 (G:\eca\platform\config-server\target\Config-Server-1.0.0.jar started by ZeejMaleesha in G:\eca\platform)
2026-03-23T21:31:10.382+05:30  INFO 8 --- [Config-Server] [           main] l.i.e.c.ConfigServerApplication          : No active profile set, falling back to 1 default profile: "default"
2026-03-23T21:31:14.647+05:30  INFO 8 --- [Config-Server] [           main] o.s.cloud.context.scope.GenericScope     : BeanFactory id=8bf03f67-6995-3149-85d2-1a09633eb1fe
2026-03-23T21:31:15.737+05:30  INFO 8 --- [Config-Server] [           main] o.s.boot.tomcat.TomcatWebServer          : Tomcat initialized with port 9000 (http)
2026-03-23T21:31:15.781+05:30  INFO 8 --- [Config-Server] [           main] o.apache.catalina.core.StandardService   : Starting service [Tomcat]
2026-03-23T21:31:15.787+05:30  INFO 8 --- [Config-Server] [           main] o.apache.catalina.core.StandardEngine    : Starting Servlet engine: [Apache Tomcat/11.0.18]
2026-03-23T21:31:15.860+05:30  INFO 8 --- [Config-Server] [           main] b.w.c.s.WebApplicationContextInitializer : Root WebApplicationContext: initialization completed in 5172 ms
2026-03-23T21:31:19.474+05:30  INFO 8 --- [Config-Server] [           main] o.s.b.a.e.web.EndpointLinksResolver      : Exposing 1 endpoint beneath base path '/actuator'
2026-03-23T21:31:19.707+05:30  INFO 8 --- [Config-Server] [           main] o.s.boot.tomcat.TomcatWebServer          : Tomcat started on port 9000 (http) with context path '/'
2026-03-23T21:31:19.741+05:30  INFO 8 --- [Config-Server] [           main] l.i.e.c.ConfigServerApplication          : Started ConfigServerApplication in 11.278 seconds (process running for 13.25)
